Microchip MPLAB XC8 Compiler V2.50

Linker command line:

-W-3 \
  --edf=C:\Program Files\Microchip\xc8\v2.50\pic\dat\20240725155939_en.msgs \
  -pivt0x8=08h -cn \
  -h+dist/default/production\PIC_Completedv2.X.production.sym \
  --cmf=dist/default/production\PIC_Completedv2.X.production.cmf -z \
  -Q18F57Q43 -oC:\Users\dimk2\AppData\Local\Temp\xcAsgc4.\driver_tmp_3.o \
  --defsym=__MPLAB_BUILD=1 --fixupoverflow=error \
  -Mdist/default/production/PIC_Completedv2.X.production.map \
  --md=C:\Users\dimk2\AppData\Local\Temp\xcAsgc4.\driver_tmp_0.dat -E1 \
  -ver=XC8 Compiler --acfsm=1493 -ACODE=00h-01FFFFh -ACONST=00h-01FFFFh \
  -ASMALLCONST=02600h-026FFhx474 \
  -AMEDIUMCONST=02600h-0FFFFh,012600h-01FFFFh -ACOMRAM=0501h-055Fh \
  -AABS1=0500h-024FFh -ABIGRAM=0501h-024FFh \
  -ARAM=0560h-05FFh,0600h-06FFhx31 -ABANK5=0560h-05FFh -ABANK6=0600h-06FFh \
  -ABANK7=0700h-07FFh -ABANK8=0800h-08FFh -ABANK9=0900h-09FFh \
  -ABANK10=0A00h-0AFFh -ABANK11=0B00h-0BFFh -ABANK12=0C00h-0CFFh \
  -ABANK13=0D00h-0DFFh -ABANK14=0E00h-0EFFh -ABANK15=0F00h-0FFFh \
  -ABANK16=01000h-010FFh -ABANK17=01100h-011FFh -ABANK18=01200h-012FFh \
  -ABANK19=01300h-013FFh -ABANK20=01400h-014FFh -ABANK21=01500h-015FFh \
  -ABANK22=01600h-016FFh -ABANK23=01700h-017FFh -ABANK24=01800h-018FFh \
  -ABANK25=01900h-019FFh -ABANK26=01A00h-01AFFh -ABANK27=01B00h-01BFFh \
  -ABANK28=01C00h-01CFFh -ABANK29=01D00h-01DFFh -ABANK30=01E00h-01EFFh \
  -ABANK31=01F00h-01FFFh -ABANK32=02000h-020FFh -ABANK33=02100h-021FFh \
  -ABANK34=02200h-022FFh -ABANK35=02300h-023FFh -ABANK36=02400h-024FFh \
  -ASFR=00h-0FFhx4,0400h-045Fh,0460h-04FFh,02500h-025FFh \
  -ABIGSFR=00h-04FFh,02500h-025FFh -ACONFIG=0300000h-0300011h \
  -AIDLOC=0200000h-020003Fh -AEEDATA=0380000h-03803FFh -peeprom_data=EEDATA \
  -preset_vec=00h -ppowerup=CODE,init -pramtop=02600h \
  -psmallconst=SMALLCONST -pmediumconst=MEDIUMCONST -pconst=CONST \
  -AFARRAM=00h-00h \
  -prdata=COMRAM,nvrram=COMRAM,nvbit=COMRAM,rbss=COMRAM,rbit=COMRAM \
  -pfarbss=FARRAM,fardata=FARRAM,nvFARRAM=FARRAM \
  -pintsave_regs=BIGRAM,bigbss=BIGRAM,bigdata=BIGRAM -pbss=RAM \
  -pidata=CODE,irdata=CODE,ibigdata=CODE,ifardata=CODE -prparam=COMRAM \
  C:\Users\dimk2\AppData\Local\Temp\xcAsgc4.\driver_tmp_9.o \
  dist/default/production\PIC_Completedv2.X.production.o 

Object code version is 3.11

Machine type is 18F57Q43



                Name                               Link     Load   Length Selector   Space Scale
C:\Users\dimk2\AppData\Local\Temp\xcAsgc4.\driver_tmp_9.o
                config                           300000   300000        A        0       4
                init                                102      102        4        4       0
                reset_vec                             0        0        4        0       0
dist/default/production\PIC_Completedv2.X.production.o
                config                           300000   300000        A        0       4
                smallconst                         2600     2600       36     1300       0
                ivt0x8                                8        8       FA        4       0
                text47                             34D4     34D4        6      CF1       0
                text46                             3180     3180       4E      C60       0
                text45                             34FA     34FA        2      D3C       0
                text44                             32C0     32C0       32      C60       0
                text43                             33F4     33F4       18      CF1       0
                text42                             34F8     34F8        2      D3C       0
                text41                             328E     328E       32      C60       0
                text40                             33DC     33DC       18      CF1       0
                text39                             34F6     34F6        2      D3C       0
                text38                             32F2     32F2       30      C60       0
                text37                             33C4     33C4       18      CF1       0
                text36                             34F4     34F4        2      D3C       0
                text35                             34F0     34F0        4      D3C       0
                text34                             344A     344A       14      CF1       0
                text33                             3218     3218       42      C60       0
                text32                             34A8     34A8        E      CF1       0
                text31                             34EA     34EA        4      CF1       0
                text30                             34E6     34E6        4      CF1       0
                text29                             34E2     34E2        4      CF1       0
                text28                             34DE     34DE        4      CF1       0
                text27                             3322     3322       2C      C60       0
                text26                             338E     338E       1C      C60       0
                text25                             334E     334E       22      C60       0
                text24                             3124     3124       5A     131B       0
                text23                             31CE     31CE       4A      C60       0
                text22                             2C76     2C76       CA     131B       0
                text21                             30C4     30C4       60     131B       0
                text20                             34C2     34C2        C      CF1       0
                text19                             3436     3436       14      CF1       0
                text18                             349A     349A        E      CF1       0
                text17                             348C     348C        E      CF1       0
                text16                             347E     347E        E      CF1       0
                text15                             2F7A     2F7A       76     131B       0
                text14                             2DF2     2DF2       98     131B       0
                text13                             33AA     33AA       18      C60       0
                text12                             325A     325A       34      C60       0
                text11                             3370     3370       1E      C60       0
                text10                             34CE     34CE        6      CF1       0
                text9                              34DA     34DA        4      CF1       0
                text8                              2636     2636      3CA     131B       0
                text7                              340C     340C       16      CF1       0
                text6                              305C     305C       68     131B       0
                text5                              345E     345E       12      CF1       0
                text4                              2E8A     2E8A       7A     131B       0
                text3                              3470     3470        E      CF1       0
                text2                              2F04     2F04       76     131B       0
                text1                              2D40     2D40       B2     131B       0
                text0                              2A00     2A00      276     131B       0
                cstackCOMRAM                        533      533       12      501       1
                cstackBANK5                         594      594        B      560       1
                dataBANK5                           580      580       14      560       1
                bssBANK5                            560      560       20      560       1
                dataCOMRAM                          545      545        C      501       1
                bssCOMRAM                           501      501       32      501       1
                cinit                              2FF0     2FF0       6C     131B       0
                nvBANK5                             59F      59F        9      560       1
                nvCOMRAM                            551      551        3      501       1
                idataBANK5                         3422     3422       14      CF1       0
                idataCOMRAM                        34B6     34B6        C      CF1       0

TOTAL           Name                               Link     Load   Length     Space
        CLASS   CODE           
                init                                102      102        4         0
                reset_vec                             0        0        4         0
                ivt0x8                                8        8       FA         0
                text47                             34D4     34D4        6         0
                text46                             3180     3180       4E         0
                text45                             34FA     34FA        2         0
                text44                             32C0     32C0       32         0
                text43                             33F4     33F4       18         0
                text42                             34F8     34F8        2         0
                text41                             328E     328E       32         0
                text40                             33DC     33DC       18         0
                text39                             34F6     34F6        2         0
                text38                             32F2     32F2       30         0
                text37                             33C4     33C4       18         0
                text36                             34F4     34F4        2         0
                text35                             34F0     34F0        4         0
                text34                             344A     344A       14         0
                text33                             3218     3218       42         0
                text32                             34A8     34A8        E         0
                text31                             34EA     34EA        4         0
                text30                             34E6     34E6        4         0
                text29                             34E2     34E2        4         0
                text28                             34DE     34DE        4         0
                text27                             3322     3322       2C         0
                text26                             338E     338E       1C         0
                text25                             334E     334E       22         0
                text24                             3124     3124       5A         0
                text23                             31CE     31CE       4A         0
                text22                             2C76     2C76       CA         0
                text21                             30C4     30C4       60         0
                text20                             34C2     34C2        C         0
                text19                             3436     3436       14         0
                text18                             349A     349A        E         0
                text17                             348C     348C        E         0
                text16                             347E     347E        E         0
                text15                             2F7A     2F7A       76         0
                text14                             2DF2     2DF2       98         0
                text13                             33AA     33AA       18         0
                text12                             325A     325A       34         0
                text11                             3370     3370       1E         0
                text10                             34CE     34CE        6         0
                text9                              34DA     34DA        4         0
                text8                              2636     2636      3CA         0
                text7                              340C     340C       16         0
                text6                              305C     305C       68         0
                text5                              345E     345E       12         0
                text4                              2E8A     2E8A       7A         0
                text3                              3470     3470        E         0
                text2                              2F04     2F04       76         0
                text1                              2D40     2D40       B2         0
                text0                              2A00     2A00      276         0
                cinit                              2FF0     2FF0       6C         0
                idataBANK5                         3422     3422       14         0
                idataCOMRAM                        34B6     34B6        C         0

        CLASS   CONST          

        CLASS   SMALLCONST     
                smallconst                         2600     2600       36         0

        CLASS   MEDIUMCONST    

        CLASS   COMRAM         
                cstackCOMRAM                        533      533       12         1
                dataCOMRAM                          545      545        C         1
                bssCOMRAM                           501      501       32         1
                nvCOMRAM                            551      551        3         1

        CLASS   ABS1           

        CLASS   BIGRAM         

        CLASS   RAM            

        CLASS   BANK5          
                cstackBANK5                         594      594        B         1
                dataBANK5                           580      580       14         1
                bssBANK5                            560      560       20         1
                nvBANK5                             59F      59F        9         1

        CLASS   BANK6          

        CLASS   BANK7          

        CLASS   BANK8          

        CLASS   BANK9          

        CLASS   BANK10         

        CLASS   BANK11         

        CLASS   BANK12         

        CLASS   BANK13         

        CLASS   BANK14         

        CLASS   BANK15         

        CLASS   BANK16         

        CLASS   BANK17         

        CLASS   BANK18         

        CLASS   BANK19         

        CLASS   BANK20         

        CLASS   BANK21         

        CLASS   BANK22         

        CLASS   BANK23         

        CLASS   BANK24         

        CLASS   BANK25         

        CLASS   BANK26         

        CLASS   BANK27         

        CLASS   BANK28         

        CLASS   BANK29         

        CLASS   BANK30         

        CLASS   BANK31         

        CLASS   BANK32         

        CLASS   BANK33         

        CLASS   BANK34         

        CLASS   BANK35         

        CLASS   BANK36         

        CLASS   SFR            

        CLASS   BIGSFR         

        CLASS   CONFIG         
                config                           300000   300000        A         4

        CLASS   IDLOC          

        CLASS   EEDATA         

        CLASS   FARRAM         

        CLASS   HEAP           

        CLASS   STACK          



SEGMENTS        Name                           Load    Length   Top    Selector   Space  Class

                reset_vec                      000000  000004  000004         0       0  CODE    
                ivt0x8                         000008  0000FE  000106         4       0  CODE    
                bssCOMRAM                      000501  000053  000554       501       1  COMRAM  
                bssBANK5                       000560  000048  0005A8       560       1  BANK5   
                smallconst                     002600  000036  002636      1300       0  SMALLCON
                text8                          002636  000B48  00317E      131B       0  CODE    
                text46                         003180  000242  0033C2       C60       0  CODE    
                text37                         0033C4  00012A  0034EE       CF1       0  CODE    
                text35                         0034F0  00000C  0034FC       D3C       0  CODE    


UNUSED ADDRESS RANGES

        Name                Unused          Largest block    Delta
        BANK10           000A00-000AFF              100
        BANK11           000B00-000BFF              100
        BANK12           000C00-000CFF              100
        BANK13           000D00-000DFF              100
        BANK14           000E00-000EFF              100
        BANK15           000F00-000FFF              100
        BANK16           001000-0010FF              100
        BANK17           001100-0011FF              100
        BANK18           001200-0012FF              100
        BANK19           001300-0013FF              100
        BANK20           001400-0014FF              100
        BANK21           001500-0015FF              100
        BANK22           001600-0016FF              100
        BANK23           001700-0017FF              100
        BANK24           001800-0018FF              100
        BANK25           001900-0019FF              100
        BANK26           001A00-001AFF              100
        BANK27           001B00-001BFF              100
        BANK28           001C00-001CFF              100
        BANK29           001D00-001DFF              100
        BANK30           001E00-001EFF              100
        BANK31           001F00-001FFF              100
        BANK32           002000-0020FF              100
        BANK33           002100-0021FF              100
        BANK34           002200-0022FF              100
        BANK35           002300-0023FF              100
        BANK36           002400-0024FF              100
        BANK5            0005A8-0005FF               58
        BANK6            000600-0006FF              100
        BANK7            000700-0007FF              100
        BANK8            000800-0008FF              100
        BANK9            000900-0009FF              100
        BIGRAM           000554-00055F                C
                         0005A8-0024FF             1F58
        BIGSFR           000000-0004FF              500
                         002500-0025FF              100
        CODE             000004-000007                4
                         000106-0025FF             24FA
                         00317E-00317F                2
                         0033C2-0033C3                2
                         0034EE-0034EF                2
                         0034FC-01FFFF            1CB04
        COMRAM           000554-00055F                C
        CONFIG           30000A-300011                8
        CONST            000004-000007                4
                         000106-0025FF             24FA
                         00317E-00317F                2
                         0033C2-0033C3                2
                         0034EE-0034EF                2
                         0034FC-01FFFF            1CB04
        EEDATA           380000-3803FF              400
        IDLOC            200000-20003F               40
        MEDIUMCONST      00317E-00317F                2
                         0033C2-0033C3                2
                         0034EE-0034EF                2
                         0034FC-00FFFF             CB04
                         012600-01FFFF             DA00
        RAM              0005A8-0024FF              100
        SFR              000000-0004FF              100
                         002500-0025FF              100
        SMALLCONST       00317E-00317F                2
                         0033C2-0033C3                2
                         0034EE-0034EF                2
                         0034FC-01FFFF              100

                                  Symbol Table

ADC_ConversionDoneCallbackRegister@callback cstackCOMRAM 00053F
INT0_SetInterruptHandler@InterruptHandler   cstackCOMRAM 00053F
INT1_SetInterruptHandler@InterruptHandler   cstackCOMRAM 00053F
INT2_SetInterruptHandler@InterruptHandler   cstackCOMRAM 00053F
INTERRUPT_Initialize@state                  cstackCOMRAM 000542
IVTBASEH                                    (abs)        00045E
IVTBASEL                                    (abs)        00045D
IVTBASEU                                    (abs)        00045F
NRF_TxMode@Address                          cstackBANK5  000599
NRF_TxMode@channel                          cstackBANK5  00059B
NRF_TxMode@config                           cstackBANK5  00059C
SPI1_ByteExchange@byteData                  cstackCOMRAM 00053F
SPI1_ByteExchange@returnValue               cstackCOMRAM 000540
SPI1_Open@spiConfigIndex                    cstackCOMRAM 000541
_ACTCON                                     (abs)        0000AC
_ADACCH                                     (abs)        0003E4
_ADACCL                                     (abs)        0003E3
_ADACCU                                     (abs)        0003E5
_ADACQH                                     (abs)        0003EF
_ADACQL                                     (abs)        0003EE
_ADACT                                      (abs)        0003F9
_ADCAP                                      (abs)        0003F0
_ADCLK                                      (abs)        0003FA
_ADCNT                                      (abs)        0003E6
_ADCON0                                     (abs)        0003F3
_ADCON0bits                                 (abs)        0003F3
_ADCON1                                     (abs)        0003F4
_ADCON1bits                                 (abs)        0003F4
_ADCON2                                     (abs)        0003F5
_ADCON2bits                                 (abs)        0003F5
_ADCON3                                     (abs)        0003F6
_ADCON3bits                                 (abs)        0003F6
_ADCP                                       (abs)        0003D8
_ADCPbits                                   (abs)        0003D8
_ADC_ConversionDoneCallback                 bssCOMRAM    000504
_ADC_ConversionDoneCallbackRegister         text32       0034A8
_ADC_ISR                                    text33       003218
_ADC_Initialize                             text21       0030C4
_ADC_ThresholdCallback                      bssCOMRAM    000501
_ADC_ThresholdISR                           text35       0034F0
_ADERRH                                     (abs)        0003DE
_ADERRL                                     (abs)        0003DD
_ADFLTRH                                    (abs)        0003E2
_ADFLTRL                                    (abs)        0003E1
_ADLTHH                                     (abs)        0003DA
_ADLTHL                                     (abs)        0003D9
_ADPCH                                      (abs)        0003EC
_ADPREH                                     (abs)        0003F2
_ADPREL                                     (abs)        0003F1
_ADPREVH                                    (abs)        0003E9
_ADPREVL                                    (abs)        0003E8
_ADREF                                      (abs)        0003F8
_ADRESH                                     (abs)        0003EB
_ADRESL                                     (abs)        0003EA
_ADRPT                                      (abs)        0003E7
_ADSTAT                                     (abs)        0003F7
_ADSTATbits                                 (abs)        0003F7
_ADSTPTH                                    (abs)        0003E0
_ADSTPTL                                    (abs)        0003DF
_ADUTHH                                     (abs)        0003DC
_ADUTHL                                     (abs)        0003DB
_ANSELA                                     (abs)        000400
_ANSELB                                     (abs)        000408
_ANSELC                                     (abs)        000410
_ANSELD                                     (abs)        000418
_ANSELE                                     (abs)        000420
_ANSELF                                     (abs)        000428
_CE_disable                                 text31       0034EA
_CE_enable                                  text30       0034E6
_CLKRCLK                                    (abs)        00003A
_CLKRCON                                    (abs)        000039
_CLKREF_Initialize                          text20       0034C2
_CLOCK_Initialize                           text19       003436
_CS_select                                  text29       0034E2
_CS_unselect                                text28       0034DE
_DataTx                                     bssBANK5     000560
_Default_ISR                                text36       0034F4
_GIE                                        (abs)        0026B7
_INLVLA                                     (abs)        000404
_INLVLB                                     (abs)        00040C
_INLVLC                                     (abs)        000414
_INLVLD                                     (abs)        00041C
_INLVLE                                     (abs)        000424
_INLVLF                                     (abs)        00042C
_INT0_CallBack                              text38       0032F2
_INT0_DefaultInterruptHandler               text39       0034F6
_INT0_ISR                                   text37       0033C4
_INT0_InterruptHandler                      nvCOMRAM     000551
_INT0_SetInterruptHandler                   text18       00349A
_INT1_CallBack                              text41       00328E
_INT1_DefaultInterruptHandler               text42       0034F8
_INT1_ISR                                   text40       0033DC
_INT1_InterruptHandler                      nvBANK5      0005A5
_INT1_SetInterruptHandler                   text17       00348C
_INT2_CallBack                              text44       0032C0
_INT2_DefaultInterruptHandler               text45       0034FA
_INT2_ISR                                   text43       0033F4
_INT2_InterruptHandler                      nvBANK5      0005A2
_INT2_SetInterruptHandler                   text16       00347E
_INTCON0bits                                (abs)        0004D6
_INTERRUPT_Initialize                       text15       002F7A
_IOCAF                                      (abs)        000407
_IOCAN                                      (abs)        000406
_IOCAP                                      (abs)        000405
_IOCBF                                      (abs)        00040F
_IOCBN                                      (abs)        00040E
_IOCBP                                      (abs)        00040D
_IOCCF                                      (abs)        000417
_IOCCN                                      (abs)        000416
_IOCCP                                      (abs)        000415
_IOCEF                                      (abs)        000427
_IOCEN                                      (abs)        000426
_IOCEP                                      (abs)        000425
_IPR3bits                                   (abs)        000365
_IVTBASEH                                   (abs)        00045E
_IVTBASEL                                   (abs)        00045D
_IVTBASEU                                   (abs)        00045F
_IVTLOCK                                    (abs)        000459
_IVTLOCKbits                                (abs)        000459
_LATA                                       (abs)        0004BE
_LATB                                       (abs)        0004BF
_LATB1                                      (abs)        0025F9
_LATB2                                      (abs)        0025FA
_LATBbits                                   (abs)        0004BF
_LATC                                       (abs)        0004C0
_LATC0                                      (abs)        002600
_LATD                                       (abs)        0004C1
_LATE                                       (abs)        0004C2
_LATF                                       (abs)        0004C3
_LATFbits                                   (abs)        0004C3
_NRF_TxMode                                 text23       0031CE
_ODCONA                                     (abs)        000402
_ODCONB                                     (abs)        00040A
_ODCONC                                     (abs)        000412
_ODCOND                                     (abs)        00041A
_ODCONE                                     (abs)        000422
_ODCONF                                     (abs)        00042A
_OSCCON1                                    (abs)        0000AD
_OSCCON3                                    (abs)        0000AF
_OSCEN                                      (abs)        0000B3
_OSCFRQ                                     (abs)        0000B1
_OSCTUNE                                    (abs)        0000B0
_PIE1bits                                   (abs)        00049F
_PIE2bits                                   (abs)        0004A0
_PIE3bits                                   (abs)        0004A1
_PIN_MANAGER_Initialize                     text14       002DF2
_PIR10bits                                  (abs)        0004B8
_PIR1bits                                   (abs)        0004AF
_PIR2bits                                   (abs)        0004B0
_PIR3bits                                   (abs)        0004B1
_PIR6bits                                   (abs)        0004B4
_RB1I2C                                     (abs)        000289
_RB2I2C                                     (abs)        000288
_RC3I2C                                     (abs)        000287
_RC3PPS                                     (abs)        000214
_RC4I2C                                     (abs)        000286
_RC5PPS                                     (abs)        000216
_SLRCONA                                    (abs)        000403
_SLRCONB                                    (abs)        00040B
_SLRCONC                                    (abs)        000413
_SLRCOND                                    (abs)        00041B
_SLRCONE                                    (abs)        000423
_SLRCONF                                    (abs)        00042B
_SPI1BAUD                                   (abs)        000089
_SPI1CLK                                    (abs)        00008C
_SPI1CON0                                   (abs)        000084
_SPI1CON0bits                               (abs)        000084
_SPI1CON1                                   (abs)        000085
_SPI1CON2                                   (abs)        000086
_SPI1INTFbits                               (abs)        00008A
_SPI1RXB                                    (abs)        000080
_SPI1SCKPPS                                 (abs)        00026A
_SPI1SDIPPS                                 (abs)        00026B
_SPI1STATUSbits                             (abs)        000087
_SPI1TCNTH                                  (abs)        000083
_SPI1TCNTL                                  (abs)        000082
_SPI1TXB                                    (abs)        000081
_SPI1_BufferExchange                        (abs)        000000
_SPI1_BufferRead                            (abs)        000000
_SPI1_BufferWrite                           (abs)        000000
_SPI1_ByteExchange                          text27       003322
_SPI1_ByteRead                              (abs)        000000
_SPI1_ByteWrite                             (abs)        000000
_SPI1_Close                                 (abs)        000000
_SPI1_Deinitialize                          (abs)        000000
_SPI1_Host                                  smallconst   002601
_SPI1_Initialize                            text13       0033AA
_SPI1_IsRxReady                             (abs)        000000
_SPI1_IsTxReady                             (abs)        000000
_SPI1_Open                                  text22       002C76
_SYSTEM_Initialize                          text11       003370
_T0CON0                                     (abs)        00031A
_T0CON0bits                                 (abs)        00031A
_T0CON1                                     (abs)        00031B
_TMR0H                                      (abs)        000319
_TMR0L                                      (abs)        000318
_TMR0_DefaultCallback                       text47       0034D4
_TMR0_ISR                                   text46       003180
_TMR0_Initialize                            text12       00325A
_TMR0_OverflowCallback                      nvBANK5      00059F
_TMR0_Start                                 text10       0034CE
_TMR0_TMRInterruptEnable                    text9        0034DA
_TRISA                                      (abs)        0004C6
_TRISB                                      (abs)        0004C7
_TRISBbits                                  (abs)        0004C7
_TRISC                                      (abs)        0004C8
_TRISCbits                                  (abs)        0004C8
_TRISD                                      (abs)        0004C9
_TRISE                                      (abs)        0004CA
_TRISF                                      (abs)        0004CB
_TRISFbits                                  (abs)        0004CB
_TxAddress                                  dataBANK5    00058F
_WPUA                                       (abs)        000401
_WPUB                                       (abs)        000409
_WPUBbits                                   (abs)        000409
_WPUC                                       (abs)        000411
_WPUD                                       (abs)        000419
_WPUE                                       (abs)        000421
_WPUF                                       (abs)        000429
_WPUFbits                                   (abs)        000429
__HRAM                                      (abs)        000000
__H__absolute__                             __absolute__ 000000
__Habs1                                     abs1         000000
__Hbank10                                   bank10       000000
__Hbank11                                   bank11       000000
__Hbank12                                   bank12       000000
__Hbank13                                   bank13       000000
__Hbank14                                   bank14       000000
__Hbank15                                   bank15       000000
__Hbank16                                   bank16       000000
__Hbank17                                   bank17       000000
__Hbank18                                   bank18       000000
__Hbank19                                   bank19       000000
__Hbank20                                   bank20       000000
__Hbank21                                   bank21       000000
__Hbank22                                   bank22       000000
__Hbank23                                   bank23       000000
__Hbank24                                   bank24       000000
__Hbank25                                   bank25       000000
__Hbank26                                   bank26       000000
__Hbank27                                   bank27       000000
__Hbank28                                   bank28       000000
__Hbank29                                   bank29       000000
__Hbank30                                   bank30       000000
__Hbank31                                   bank31       000000
__Hbank32                                   bank32       000000
__Hbank33                                   bank33       000000
__Hbank34                                   bank34       000000
__Hbank35                                   bank35       000000
__Hbank36                                   bank36       000000
__Hbank5                                    bank5        000000
__Hbank6                                    bank6        000000
__Hbank7                                    bank7        000000
__Hbank8                                    bank8        000000
__Hbank9                                    bank9        000000
__Hbigbss                                   bigbss       000000
__Hbigdata                                  bigdata      000000
__Hbigram                                   bigram       000000
__Hbigsfr                                   bigsfr       000000
__Hbss                                      bss          000000
__HbssBANK5                                 bssBANK5     000000
__HbssCOMRAM                                bssCOMRAM    000000
__Hcinit                                    cinit        000000
__Hclrtext                                  clrtext      000000
__Hcomram                                   comram       000000
__Hconfig                                   config       30000A
__Hconst                                    const        000000
__HcstackBANK5                              cstackBANK5  000000
__HcstackCOMRAM                             cstackCOMRAM 000000
__Hdata                                     data         000000
__HdataBANK5                                dataBANK5    000000
__HdataCOMRAM                               dataCOMRAM   000000
__Heeprom_data                              eeprom_data  000000
__Hfarbss                                   farbss       000000
__Hfardata                                  fardata      000000
__Hheap                                     heap         000000
__Hibigdata                                 ibigdata     000000
__Hidata                                    idata        000000
__HidataBANK5                               idataBANK5   000000
__HidataCOMRAM                              idataCOMRAM  000000
__Hidloc                                    idloc        000000
__Hifardata                                 ifardata     000000
__Hinit                                     init         000106
__Hintsave_regs                             intsave_regs 000000
__Hirdata                                   irdata       000000
__Hivt0x8                                   ivt0x8       000102
__Hmediumconst                              mediumconst  000000
__HnvBANK5                                  nvBANK5      000000
__HnvCOMRAM                                 nvCOMRAM     000000
__HnvFARRAM                                 nvFARRAM     000000
__Hnvbit                                    nvbit        000000
__Hnvrram                                   nvrram       000000
__Hparam                                    rparam       000000
__Hpowerup                                  powerup      000000
__Hram                                      ram          000000
__Hramtop                                   ramtop       002600
__Hrbit                                     rbit         000000
__Hrbss                                     rbss         000000
__Hrdata                                    rdata        000000
__Hreset_vec                                reset_vec    000004
__Hrparam                                   rparam       000000
__Hsfr                                      sfr          000000
__Hsmallconst                               smallconst   002636
__Hspace_0                                  (abs)        0034FC
__Hspace_1                                  (abs)        0005A8
__Hspace_2                                  (abs)        000000
__Hspace_4                                  (abs)        60000A
__Hstack                                    stack        000000
__Hstruct                                   struct       000000
__Htemp                                     temp         000000
__Htext                                     text         000000
__Htext0                                    text0        000000
__Htext1                                    text1        000000
__Htext10                                   text10       000000
__Htext11                                   text11       000000
__Htext12                                   text12       000000
__Htext13                                   text13       000000
__Htext14                                   text14       000000
__Htext15                                   text15       000000
__Htext16                                   text16       000000
__Htext17                                   text17       000000
__Htext18                                   text18       000000
__Htext19                                   text19       000000
__Htext2                                    text2        000000
__Htext20                                   text20       000000
__Htext21                                   text21       000000
__Htext22                                   text22       000000
__Htext23                                   text23       000000
__Htext24                                   text24       000000
__Htext25                                   text25       000000
__Htext26                                   text26       000000
__Htext27                                   text27       000000
__Htext28                                   text28       000000
__Htext29                                   text29       000000
__Htext3                                    text3        000000
__Htext30                                   text30       000000
__Htext31                                   text31       000000
__Htext32                                   text32       000000
__Htext33                                   text33       000000
__Htext34                                   text34       000000
__Htext35                                   text35       000000
__Htext36                                   text36       000000
__Htext37                                   text37       000000
__Htext38                                   text38       000000
__Htext39                                   text39       000000
__Htext4                                    text4        000000
__Htext40                                   text40       000000
__Htext41                                   text41       000000
__Htext42                                   text42       000000
__Htext43                                   text43       000000
__Htext44                                   text44       000000
__Htext45                                   text45       000000
__Htext46                                   text46       000000
__Htext47                                   text47       000000
__Htext5                                    text5        000000
__Htext6                                    text6        000000
__Htext7                                    text7        000000
__Htext8                                    text8        000000
__Htext9                                    text9        000000
__LRAM                                      (abs)        000001
__L__absolute__                             __absolute__ 000000
__Labs1                                     abs1         000000
__Lbank10                                   bank10       000000
__Lbank11                                   bank11       000000
__Lbank12                                   bank12       000000
__Lbank13                                   bank13       000000
__Lbank14                                   bank14       000000
__Lbank15                                   bank15       000000
__Lbank16                                   bank16       000000
__Lbank17                                   bank17       000000
__Lbank18                                   bank18       000000
__Lbank19                                   bank19       000000
__Lbank20                                   bank20       000000
__Lbank21                                   bank21       000000
__Lbank22                                   bank22       000000
__Lbank23                                   bank23       000000
__Lbank24                                   bank24       000000
__Lbank25                                   bank25       000000
__Lbank26                                   bank26       000000
__Lbank27                                   bank27       000000
__Lbank28                                   bank28       000000
__Lbank29                                   bank29       000000
__Lbank30                                   bank30       000000
__Lbank31                                   bank31       000000
__Lbank32                                   bank32       000000
__Lbank33                                   bank33       000000
__Lbank34                                   bank34       000000
__Lbank35                                   bank35       000000
__Lbank36                                   bank36       000000
__Lbank5                                    bank5        000000
__Lbank6                                    bank6        000000
__Lbank7                                    bank7        000000
__Lbank8                                    bank8        000000
__Lbank9                                    bank9        000000
__Lbigbss                                   bigbss       000000
__Lbigdata                                  bigdata      000000
__Lbigram                                   bigram       000000
__Lbigsfr                                   bigsfr       000000
__Lbss                                      bss          000000
__LbssBANK5                                 bssBANK5     000000
__LbssCOMRAM                                bssCOMRAM    000000
__Lcinit                                    cinit        000000
__Lclrtext                                  clrtext      000000
__Lcomram                                   comram       000000
__Lconfig                                   config       000000
__Lconst                                    const        000000
__LcstackBANK5                              cstackBANK5  000000
__LcstackCOMRAM                             cstackCOMRAM 000000
__Ldata                                     data         000000
__LdataBANK5                                dataBANK5    000000
__LdataCOMRAM                               dataCOMRAM   000000
__Leeprom_data                              eeprom_data  000000
__Lfarbss                                   farbss       000000
__Lfardata                                  fardata      000000
__Lheap                                     heap         000000
__Libigdata                                 ibigdata     000000
__Lidata                                    idata        000000
__LidataBANK5                               idataBANK5   000000
__LidataCOMRAM                              idataCOMRAM  000000
__Lidloc                                    idloc        000000
__Lifardata                                 ifardata     000000
__Linit                                     init         000102
__Lintsave_regs                             intsave_regs 000000
__Lirdata                                   irdata       000000
__Livt0x8                                   ivt0x8       000008
__Lmediumconst                              mediumconst  000000
__LnvBANK5                                  nvBANK5      000000
__LnvCOMRAM                                 nvCOMRAM     000000
__LnvFARRAM                                 nvFARRAM     000000
__Lnvbit                                    nvbit        000000
__Lnvrram                                   nvrram       000000
__Lparam                                    rparam       000000
__Lpowerup                                  powerup      000000
__Lram                                      ram          000000
__Lramtop                                   ramtop       002600
__Lrbit                                     rbit         000000
__Lrbss                                     rbss         000000
__Lrdata                                    rdata        000000
__Lreset_vec                                reset_vec    000000
__Lrparam                                   rparam       000000
__Lsfr                                      sfr          000000
__Lsmallconst                               smallconst   002600
__Lspace_0                                  (abs)        000000
__Lspace_1                                  (abs)        000000
__Lspace_2                                  (abs)        000000
__Lspace_4                                  (abs)        000000
__Lstack                                    stack        000000
__Lstruct                                   struct       000000
__Ltemp                                     temp         000000
__Ltext                                     text         000000
__Ltext0                                    text0        000000
__Ltext1                                    text1        000000
__Ltext10                                   text10       000000
__Ltext11                                   text11       000000
__Ltext12                                   text12       000000
__Ltext13                                   text13       000000
__Ltext14                                   text14       000000
__Ltext15                                   text15       000000
__Ltext16                                   text16       000000
__Ltext17                                   text17       000000
__Ltext18                                   text18       000000
__Ltext19                                   text19       000000
__Ltext2                                    text2        000000
__Ltext20                                   text20       000000
__Ltext21                                   text21       000000
__Ltext22                                   text22       000000
__Ltext23                                   text23       000000
__Ltext24                                   text24       000000
__Ltext25                                   text25       000000
__Ltext26                                   text26       000000
__Ltext27                                   text27       000000
__Ltext28                                   text28       000000
__Ltext29                                   text29       000000
__Ltext3                                    text3        000000
__Ltext30                                   text30       000000
__Ltext31                                   text31       000000
__Ltext32                                   text32       000000
__Ltext33                                   text33       000000
__Ltext34                                   text34       000000
__Ltext35                                   text35       000000
__Ltext36                                   text36       000000
__Ltext37                                   text37       000000
__Ltext38                                   text38       000000
__Ltext39                                   text39       000000
__Ltext4                                    text4        000000
__Ltext40                                   text40       000000
__Ltext41                                   text41       000000
__Ltext42                                   text42       000000
__Ltext43                                   text43       000000
__Ltext44                                   text44       000000
__Ltext45                                   text45       000000
__Ltext46                                   text46       000000
__Ltext47                                   text47       000000
__Ltext5                                    text5        000000
__Ltext6                                    text6        000000
__Ltext7                                    text7        000000
__Ltext8                                    text8        000000
__Ltext9                                    text9        000000
__S0                                        (abs)        0034FC
__S1                                        (abs)        0005A8
__S4                                        (abs)        000000
__S5                                        (abs)        000000
___heap_hi                                  (abs)        000000
___heap_lo                                  (abs)        000000
___inthi_sp                                 stack        000000
___inthi_stack_hi                           stack        000000
___inthi_stack_lo                           stack        000000
___intlo_sp                                 stack        000000
___intlo_stack_hi                           stack        000000
___intlo_stack_lo                           stack        000000
___param_bank                               (abs)        000000
___rparam_used                              (abs)        000001
___sp                                       stack        000000
___stack_hi                                 stack        000000
___stack_lo                                 stack        000000
__accesstop                                 (abs)        000560
__activetblptr                              (abs)        000003
__end_of_ADC_ConversionDoneCallbackRegister text32       0034B6
__end_of_ADC_ISR                            text33       00325A
__end_of_ADC_Initialize                     text21       003124
__end_of_ADC_ThresholdISR                   text35       0034F4
__end_of_CE_disable                         text31       0034EE
__end_of_CE_enable                          text30       0034EA
__end_of_CLKREF_Initialize                  text20       0034CE
__end_of_CLOCK_Initialize                   text19       00344A
__end_of_CS_select                          text29       0034E6
__end_of_CS_unselect                        text28       0034E2
__end_of_Default_ISR                        text36       0034F6
__end_of_INT0_CallBack                      text38       003322
__end_of_INT0_DefaultInterruptHandler       text39       0034F8
__end_of_INT0_ISR                           text37       0033DC
__end_of_INT0_SetInterruptHandler           text18       0034A8
__end_of_INT1_CallBack                      text41       0032C0
__end_of_INT1_DefaultInterruptHandler       text42       0034FA
__end_of_INT1_ISR                           text40       0033F4
__end_of_INT1_SetInterruptHandler           text17       00349A
__end_of_INT2_CallBack                      text44       0032F2
__end_of_INT2_DefaultInterruptHandler       text45       0034FC
__end_of_INT2_ISR                           text43       00340C
__end_of_INT2_SetInterruptHandler           text16       00348C
__end_of_INTERRUPT_Initialize               text15       002FF0
__end_of_NRF_TxMode                         text23       003218
__end_of_PIN_MANAGER_Initialize             text14       002E8A
__end_of_SPI1_ByteExchange                  text27       00334E
__end_of_SPI1_Host                          smallconst   00262B
__end_of_SPI1_Initialize                    text13       0033C2
__end_of_SPI1_Open                          text22       002D40
__end_of_SYSTEM_Initialize                  text11       00338E
__end_of_TMR0_DefaultCallback               text47       0034DA
__end_of_TMR0_ISR                           text46       0031CE
__end_of_TMR0_Initialize                    text12       00328E
__end_of_TMR0_Start                         text10       0034D4
__end_of_TMR0_TMRInterruptEnable            text9        0034DE
__end_of__initialization                    cinit        003056
__end_of_convert                            text8        002A00
__end_of_initADC                            text7        003422
__end_of_init_NRF                           text6        0030C4
__end_of_main                               text0        002C76
__end_of_my_adc_conversion_done_handler     text34       00345E
__end_of_nrf24_readReg                      text26       0033AA
__end_of_nrf24_writeReg                     text25       003370
__end_of_nrf24_writeRegMulti                text24       00317E
__end_of_nrf_send_data                      text4        002F04
__end_of_nrfsendCmd                         text5        003470
__end_of_readADC                            text3        00347E
__end_of_sample_neutral_values              text2        002F7A
__end_of_sample_values                      text1        002DF2
__end_of_spi1_configuration                 smallconst   002635
__initialization                            cinit        002FF0
__mediumconst                               mediumconst  000000
__pbssBANK5                                 bssBANK5     000560
__pbssCOMRAM                                bssCOMRAM    000501
__pcinit                                    cinit        002FF0
__pcstackBANK5                              cstackBANK5  000594
__pcstackCOMRAM                             cstackCOMRAM 000533
__pdataBANK5                                dataBANK5    000580
__pdataCOMRAM                               dataCOMRAM   000545
__pidataBANK5                               idataBANK5   003422
__pidataCOMRAM                              idataCOMRAM  0034B6
__pivt0x8                                   ivt0x8       000008
__pnvBANK5                                  nvBANK5      00059F
__pnvCOMRAM                                 nvCOMRAM     000551
__psmallconst                               smallconst   002600
__ptext0                                    text0        002A00
__ptext1                                    text1        002D40
__ptext10                                   text10       0034CE
__ptext11                                   text11       003370
__ptext12                                   text12       00325A
__ptext13                                   text13       0033AA
__ptext14                                   text14       002DF2
__ptext15                                   text15       002F7A
__ptext16                                   text16       00347E
__ptext17                                   text17       00348C
__ptext18                                   text18       00349A
__ptext19                                   text19       003436
__ptext2                                    text2        002F04
__ptext20                                   text20       0034C2
__ptext21                                   text21       0030C4
__ptext22                                   text22       002C76
__ptext23                                   text23       0031CE
__ptext24                                   text24       003124
__ptext25                                   text25       00334E
__ptext26                                   text26       00338E
__ptext27                                   text27       003322
__ptext28                                   text28       0034DE
__ptext29                                   text29       0034E2
__ptext3                                    text3        003470
__ptext30                                   text30       0034E6
__ptext31                                   text31       0034EA
__ptext32                                   text32       0034A8
__ptext33                                   text33       003218
__ptext34                                   text34       00344A
__ptext35                                   text35       0034F0
__ptext36                                   text36       0034F4
__ptext37                                   text37       0033C4
__ptext38                                   text38       0032F2
__ptext39                                   text39       0034F6
__ptext4                                    text4        002E8A
__ptext40                                   text40       0033DC
__ptext41                                   text41       00328E
__ptext42                                   text42       0034F8
__ptext43                                   text43       0033F4
__ptext44                                   text44       0032C0
__ptext45                                   text45       0034FA
__ptext46                                   text46       003180
__ptext47                                   text47       0034D4
__ptext5                                    text5        00345E
__ptext6                                    text6        00305C
__ptext7                                    text7        00340C
__ptext8                                    text8        002636
__ptext9                                    text9        0034DA
__ramtop                                    ramtop       002600
__smallconst                                smallconst   002600
_adc_busy_status                            bssCOMRAM    000531
_baselineValue                              bssCOMRAM    000507
_conversion_done                            bssCOMRAM    000532
_convert                                    text8        002636
_counter                                    bssCOMRAM    00052F
_delta_x_motor                              bssCOMRAM    000521
_delta_x_servo                              bssCOMRAM    00051F
_delta_y_motor                              bssCOMRAM    000523
_delta_y_servo                              bssCOMRAM    00051D
_grab_switch                                bssCOMRAM    000509
_initADC                                    text7        00340C
_init_NRF                                   text6        00305C
_limit1                                     dataCOMRAM   00054F
_limit1x                                    dataCOMRAM   000549
_limit2                                     dataCOMRAM   00054D
_limit2x                                    dataCOMRAM   000547
_limit3                                     dataCOMRAM   00054B
_limit3x                                    dataCOMRAM   000545
_main                                       text0        002A00
_my_adc_conversion_done_handler             text34       00344A
_nrf24_readReg                              text26       00338E
_nrf24_writeReg                             text25       00334E
_nrf24_writeRegMulti                        text24       003124
_nrf_send_data                              text4        002E8A
_nrfsendCmd                                 text5        00345E
_readADC                                    text3        003470
_result                                     bssCOMRAM    000527
_sample_byte                                bssCOMRAM    000525
_sample_cycle_busy                          bssCOMRAM    00052B
_sample_cycle_done                          bssCOMRAM    00052C
_sample_neutral_values                      text2        002F04
_sample_neutrals_busy                       bssCOMRAM    00052D
_sample_neutrals_done                       bssCOMRAM    00052E
_sample_values                              text1        002D40
_spi1_configuration                         smallconst   00262B
_time_to_sample                             bssCOMRAM    000530
_tmr0PeriodCount                            bssCOMRAM    000529
_x_axis                                     bssCOMRAM    000513
_x_neutral                                  bssCOMRAM    00051B
_x_neutral_servo                            bssCOMRAM    000517
_x_servo                                    bssCOMRAM    00050F
_y_axis                                     bssCOMRAM    000511
_y_neutral                                  bssCOMRAM    000519
_y_neutral_servo                            bssCOMRAM    000515
_y_servo                                    bssCOMRAM    00050D
_y_switch_servo                             bssCOMRAM    00050B
end_of_initialization                       cinit        003056
init_NRF@t                                  cstackBANK5  000594
intlevel0                                   text         000000
intlevel1                                   text         000000
intlevel2                                   text         000000
intlevel3                                   text         000000
isa$std                                     (abs)        000001
isa$xinst                                   (abs)        000000
ivt0x8_base                                 ivt0x8       000008
ivt0x8_undefint                             ivt0x8       000100
nrf24_readReg@data_read                     cstackCOMRAM 000542
nrf24_readReg@reg                           cstackCOMRAM 000541
nrf24_reset@F17453                          dataBANK5    00058A
nrf24_reset@F17455                          dataBANK5    000585
nrf24_reset@F17457                          dataBANK5    000580
nrf24_writeReg@buf                          cstackCOMRAM 000543
nrf24_writeReg@data                         cstackCOMRAM 000541
nrf24_writeReg@reg                          cstackCOMRAM 000542
nrf24_writeRegMulti@buf                     cstackBANK5  000594
nrf24_writeRegMulti@data                    cstackCOMRAM 000541
nrf24_writeRegMulti@i                       cstackBANK5  000597
nrf24_writeRegMulti@reg                     cstackBANK5  000596
nrf24_writeRegMulti@size                    cstackCOMRAM 000543
nrf_send_data@data                          cstackCOMRAM 000543
nrf_send_data@fifostatus                    cstackBANK5  000594
nrf_send_data@i                             cstackBANK5  000595
nrfsendCmd@cmd                              cstackCOMRAM 000541
readADC@channel                             cstackCOMRAM 00053F
sample_neutral_values@sample_byte_nr        cstackCOMRAM 000540
sample_values@sample_byte_nr                cstackCOMRAM 000540
stackhi                                     (abs)        000000
stacklo                                     (abs)        000000
start                                       init         000102
start_initialization                        cinit        002FF0


MODULE INFORMATION

Module		Function		Class		Link	Load	Size
nrf24.c
		_nrf24_writeReg		CODE           	334E	0000	34
		_nrf24_writeRegMulti		CODE           	3124	0000	90
		_CE_disable    		CODE           	34EA	0000	4
		_CS_select     		CODE           	34E2	0000	4
		_NRF_TxMode    		CODE           	31CE	0000	74
		_nrf24_readReg 		CODE           	338E	0000	28
		_nrf_send_data 		CODE           	2E8A	0000	122
		_init_NRF      		CODE           	305C	0000	104
		_CS_unselect   		CODE           	34DE	0000	4
		_CE_enable     		CODE           	34E6	0000	4
		_nrfsendCmd    		CODE           	345E	0000	18

nrf24.c estimated size: 486

mcc_generated_files/system/src/interrupt.c
		_INT0_SetInterruptHandler		CODE           	349A	0000	14
		_INT1_SetInterruptHandler		CODE           	348C	0000	14
		_INT2_SetInterruptHandler		CODE           	347E	0000	14
		_INTERRUPT_Initialize		CODE           	2F7A	0000	118
		_INT0_DefaultInterruptHandler		CODE           	34F6	0000	2
		_INT0_CallBack 		CODE           	32F2	0000	48
		_INT1_DefaultInterruptHandler		CODE           	34F8	0000	2
		_INT1_CallBack 		CODE           	328E	0000	50
		_INT2_DefaultInterruptHandler		CODE           	34FA	0000	2
		_INT2_CallBack 		CODE           	32C0	0000	50
		_Default_ISR   		CODE           	34F4	0000	2
		_INT0_ISR      		CODE           	33C4	0000	24
		_INT1_ISR      		CODE           	33DC	0000	24
		_INT2_ISR      		CODE           	33F4	0000	24

mcc_generated_files/system/src/interrupt.c estimated size: 388

mcc_generated_files/adc/src/adc.c
		_ADC_Initialize		CODE           	30C4	0000	96
		_ADC_ConversionDoneCallbackRegister		CODE           	34A8	0000	14
		_ADC_ISR       		CODE           	3218	0000	66
		_ADC_ThresholdISR		CODE           	34F0	0000	4

mcc_generated_files/adc/src/adc.c estimated size: 180

mcc_generated_files/system/src/pins.c
		_PIN_MANAGER_Initialize		CODE           	2DF2	0000	152

mcc_generated_files/system/src/pins.c estimated size: 152

shared
		__initialization		CODE           	2FF0	0000	102
		_SPI1_Host     		SMALLCONST     	2601	0000	42
		_spi1_configuration		SMALLCONST     	262B	0000	10

shared estimated size: 154

mcc_generated_files/system/src/clock.c
		_CLOCK_Initialize		CODE           	3436	0000	20

mcc_generated_files/system/src/clock.c estimated size: 20

mcc_generated_files/timer/src/tmr0.c
		_TMR0_DefaultCallback		CODE           	34D4	0000	6
		_TMR0_ISR      		CODE           	3180	0000	78
		_TMR0_Initialize		CODE           	325A	0000	52
		_TMR0_Start    		CODE           	34CE	0000	6
		_TMR0_TMRInterruptEnable		CODE           	34DA	0000	4

mcc_generated_files/timer/src/tmr0.c estimated size: 146

mcc_generated_files/clkref/src/clkref.c
		_CLKREF_Initialize		CODE           	34C2	0000	12

mcc_generated_files/clkref/src/clkref.c estimated size: 12

main.c
		_main          		CODE           	2A00	0000	630
		_sample_neutral_values		CODE           	2F04	0000	118
		_my_adc_conversion_done_handler		CODE           	344A	0000	20
		_sample_values 		CODE           	2D40	0000	178
		_initADC       		CODE           	340C	0000	22
		_convert       		CODE           	2636	0000	970
		_readADC       		CODE           	3470	0000	14

main.c estimated size: 1952

mcc_generated_files/system/src/system.c
		_SYSTEM_Initialize		CODE           	3370	0000	30

mcc_generated_files/system/src/system.c estimated size: 30

mcc_generated_files/spi/src/spi1.c
		_SPI1_ByteExchange		CODE           	3322	0000	44
		_SPI1_Open     		CODE           	2C76	0000	202
		_SPI1_Initialize		CODE           	33AA	0000	24

mcc_generated_files/spi/src/spi1.c estimated size: 270

