Microchip MPLAB XC8 Compiler V2.50

Linker command line:

-W-3 \
  --edf=C:\Program Files\Microchip\xc8\v2.50\pic\dat\20240725155939_en.msgs \
  -pivt0x8=08h -cn \
  -h+dist/default/production\PIC_Assignment_2.X.production.sym \
  --cmf=dist/default/production\PIC_Assignment_2.X.production.cmf -z \
  -Q18F57Q43 -oC:\Users\dimk2\AppData\Local\Temp\xcAs51o.\driver_tmp_3.o \
  --defsym=__MPLAB_BUILD=1 --fixupoverflow=error \
  -Mdist/default/production/PIC_Assignment_2.X.production.map \
  --md=C:\Users\dimk2\AppData\Local\Temp\xcAs51o.\driver_tmp_0.dat -E1 \
  -ver=XC8 Compiler --acfsm=1493 -ACODE=00h-01FFFFh -ACONST=00h-01FFFFh \
  -ASMALLCONST=02600h-026FFhx474 \
  -AMEDIUMCONST=02600h-0FFFFh,012600h-01FFFFh -ACOMRAM=0501h-055Fh \
  -AABS1=0500h-024FFh -ABIGRAM=0501h-024FFh \
  -ARAM=0560h-05FFh,0600h-06FFhx31 -ABANK5=0560h-05FFh -ABANK6=0600h-06FFh \
  -ABANK7=0700h-07FFh -ABANK8=0800h-08FFh -ABANK9=0900h-09FFh \
  -ABANK10=0A00h-0AFFh -ABANK11=0B00h-0BFFh -ABANK12=0C00h-0CFFh \
  -ABANK13=0D00h-0DFFh -ABANK14=0E00h-0EFFh -ABANK15=0F00h-0FFFh \
  -ABANK16=01000h-010FFh -ABANK17=01100h-011FFh -ABANK18=01200h-012FFh \
  -ABANK19=01300h-013FFh -ABANK20=01400h-014FFh -ABANK21=01500h-015FFh \
  -ABANK22=01600h-016FFh -ABANK23=01700h-017FFh -ABANK24=01800h-018FFh \
  -ABANK25=01900h-019FFh -ABANK26=01A00h-01AFFh -ABANK27=01B00h-01BFFh \
  -ABANK28=01C00h-01CFFh -ABANK29=01D00h-01DFFh -ABANK30=01E00h-01EFFh \
  -ABANK31=01F00h-01FFFh -ABANK32=02000h-020FFh -ABANK33=02100h-021FFh \
  -ABANK34=02200h-022FFh -ABANK35=02300h-023FFh -ABANK36=02400h-024FFh \
  -ASFR=00h-0FFhx4,0400h-045Fh,0460h-04FFh,02500h-025FFh \
  -ABIGSFR=00h-04FFh,02500h-025FFh -ACONFIG=0300000h-0300011h \
  -AIDLOC=0200000h-020003Fh -AEEDATA=0380000h-03803FFh -peeprom_data=EEDATA \
  -preset_vec=00h -ppowerup=CODE,init -pramtop=02600h \
  -psmallconst=SMALLCONST -pmediumconst=MEDIUMCONST -pconst=CONST \
  -AFARRAM=00h-00h \
  -prdata=COMRAM,nvrram=COMRAM,nvbit=COMRAM,rbss=COMRAM,rbit=COMRAM \
  -pfarbss=FARRAM,fardata=FARRAM,nvFARRAM=FARRAM \
  -pintsave_regs=BIGRAM,bigbss=BIGRAM,bigdata=BIGRAM -pbss=RAM \
  -pidata=CODE,irdata=CODE,ibigdata=CODE,ifardata=CODE -prparam=COMRAM \
  C:\Users\dimk2\AppData\Local\Temp\xcAs51o.\driver_tmp_9.o \
  dist/default/production\PIC_Assignment_2.X.production.o 

Object code version is 3.11

Machine type is 18F57Q43



                Name                               Link     Load   Length Selector   Space Scale
C:\Users\dimk2\AppData\Local\Temp\xcAs51o.\driver_tmp_9.o
                config                           300000   300000        A        0       4
                init                                102      102        4        4       0
                reset_vec                             0        0        4        0       0
dist/default/production\PIC_Assignment_2.X.production.o
                config                           300000   300000        A        0       4
                smallconst                         2600     2600       36     1300       0
                ivt0x8                                8        8       FA        4       0
                text32                             2AE2     2AE2       28      A46       0
                text31                             2B2A     2B2A       1E      A46       0
                text30                             2918     2918       4C      A46       0
                text29                             2C2C     2C2C        2      B09       0
                text28                             2ABA     2ABA       28      A46       0
                text27                             2A8C     2A8C       2E      A46       0
                text26                             2B48     2B48       1C      A46       0
                text25                             2708     2708       9A      9C2       0
                text24                             28B0     28B0       66      9C2       0
                text23                             2C2A     2C2A        2      B09       0
                text22                             2A2E     2A2E       30      A46       0
                text21                             2B94     2B94       18      A46       0
                text20                             2C28     2C28        2      B09       0
                text19                             29FE     29FE       30      A46       0
                text18                             2B7C     2B7C       18      A46       0
                text17                             2C26     2C26        2      B09       0
                text16                             29CE     29CE       30      A46       0
                text15                             2B64     2B64       18      A46       0
                text14                             2C24     2C24        2      B09       0
                text13                             2636     2636       D0     131B       0
                text12                             2BC2     2BC2       14      A46       0
                text11                             2C0E     2C0E        E      A46       0
                text10                             2C00     2C00        E      A46       0
                text9                              2BF2     2BF2        E      A46       0
                text8                              2834     2834       7C      9C2       0
                text7                              27A2     27A2       92      9C2       0
                text6                              2BE4     2BE4        E      A46       0
                text5                              2BD6     2BD6        E      A46       0
                text4                              2964     2964       3A      A46       0
                text3                              299E     299E       30      A46       0
                text2                              2BAC     2BAC       16      A46       0
                text1                              2C1C     2C1C        6      A46       0
                text0                              2A5E     2A5E       2E      A46       0
                cstackCOMRAM                        513      513       10      501       1
                bssCOMRAM                           523      523        E      501       1
                cinit                              2B0A     2B0A       20      A46       0
                nvCOMRAM                            501      501       12      501       1

TOTAL           Name                               Link     Load   Length     Space
        CLASS   CODE           
                init                                102      102        4         0
                reset_vec                             0        0        4         0
                ivt0x8                                8        8       FA         0
                text32                             2AE2     2AE2       28         0
                text31                             2B2A     2B2A       1E         0
                text30                             2918     2918       4C         0
                text29                             2C2C     2C2C        2         0
                text28                             2ABA     2ABA       28         0
                text27                             2A8C     2A8C       2E         0
                text26                             2B48     2B48       1C         0
                text25                             2708     2708       9A         0
                text24                             28B0     28B0       66         0
                text23                             2C2A     2C2A        2         0
                text22                             2A2E     2A2E       30         0
                text21                             2B94     2B94       18         0
                text20                             2C28     2C28        2         0
                text19                             29FE     29FE       30         0
                text18                             2B7C     2B7C       18         0
                text17                             2C26     2C26        2         0
                text16                             29CE     29CE       30         0
                text15                             2B64     2B64       18         0
                text14                             2C24     2C24        2         0
                text13                             2636     2636       D0         0
                text12                             2BC2     2BC2       14         0
                text11                             2C0E     2C0E        E         0
                text10                             2C00     2C00        E         0
                text9                              2BF2     2BF2        E         0
                text8                              2834     2834       7C         0
                text7                              27A2     27A2       92         0
                text6                              2BE4     2BE4        E         0
                text5                              2BD6     2BD6        E         0
                text4                              2964     2964       3A         0
                text3                              299E     299E       30         0
                text2                              2BAC     2BAC       16         0
                text1                              2C1C     2C1C        6         0
                text0                              2A5E     2A5E       2E         0
                cinit                              2B0A     2B0A       20         0

        CLASS   CONST          

        CLASS   SMALLCONST     
                smallconst                         2600     2600       36         0

        CLASS   MEDIUMCONST    

        CLASS   COMRAM         
                cstackCOMRAM                        513      513       10         1
                bssCOMRAM                           523      523        E         1
                nvCOMRAM                            501      501       12         1

        CLASS   ABS1           

        CLASS   BIGRAM         

        CLASS   RAM            

        CLASS   BANK5          

        CLASS   BANK6          

        CLASS   BANK7          

        CLASS   BANK8          

        CLASS   BANK9          

        CLASS   BANK10         

        CLASS   BANK11         

        CLASS   BANK12         

        CLASS   BANK13         

        CLASS   BANK14         

        CLASS   BANK15         

        CLASS   BANK16         

        CLASS   BANK17         

        CLASS   BANK18         

        CLASS   BANK19         

        CLASS   BANK20         

        CLASS   BANK21         

        CLASS   BANK22         

        CLASS   BANK23         

        CLASS   BANK24         

        CLASS   BANK25         

        CLASS   BANK26         

        CLASS   BANK27         

        CLASS   BANK28         

        CLASS   BANK29         

        CLASS   BANK30         

        CLASS   BANK31         

        CLASS   BANK32         

        CLASS   BANK33         

        CLASS   BANK34         

        CLASS   BANK35         

        CLASS   BANK36         

        CLASS   SFR            

        CLASS   BIGSFR         

        CLASS   CONFIG         
                config                           300000   300000        A         4

        CLASS   IDLOC          

        CLASS   EEDATA         

        CLASS   FARRAM         

        CLASS   HEAP           

        CLASS   STACK          



SEGMENTS        Name                           Load    Length   Top    Selector   Space  Class

                reset_vec                      000000  000004  000004         0       0  CODE    
                ivt0x8                         000008  0000FE  000106         4       0  CODE    
                nvCOMRAM                       000501  000030  000531       501       1  COMRAM  
                smallconst                     002600  000036  002636      1300       0  SMALLCON
                text13                         002636  0000D0  002706      131B       0  CODE    
                text25                         002708  00020E  002916       9C2       0  CODE    
                text30                         002918  00030A  002C22       A46       0  CODE    
                text14                         002C24  00000A  002C2E       B09       0  CODE    


UNUSED ADDRESS RANGES

        Name                Unused          Largest block    Delta
        BANK10           000A00-000AFF              100
        BANK11           000B00-000BFF              100
        BANK12           000C00-000CFF              100
        BANK13           000D00-000DFF              100
        BANK14           000E00-000EFF              100
        BANK15           000F00-000FFF              100
        BANK16           001000-0010FF              100
        BANK17           001100-0011FF              100
        BANK18           001200-0012FF              100
        BANK19           001300-0013FF              100
        BANK20           001400-0014FF              100
        BANK21           001500-0015FF              100
        BANK22           001600-0016FF              100
        BANK23           001700-0017FF              100
        BANK24           001800-0018FF              100
        BANK25           001900-0019FF              100
        BANK26           001A00-001AFF              100
        BANK27           001B00-001BFF              100
        BANK28           001C00-001CFF              100
        BANK29           001D00-001DFF              100
        BANK30           001E00-001EFF              100
        BANK31           001F00-001FFF              100
        BANK32           002000-0020FF              100
        BANK33           002100-0021FF              100
        BANK34           002200-0022FF              100
        BANK35           002300-0023FF              100
        BANK36           002400-0024FF              100
        BANK5            000560-0005FF               A0
        BANK6            000600-0006FF              100
        BANK7            000700-0007FF              100
        BANK8            000800-0008FF              100
        BANK9            000900-0009FF              100
        BIGRAM           000531-0024FF             1FCF
        BIGSFR           000000-0004FF              500
                         002500-0025FF              100
        CODE             000004-000007                4
                         000106-0025FF             24FA
                         002706-002707                2
                         002916-002917                2
                         002C22-002C23                2
                         002C2E-01FFFF            1D3D2
        COMRAM           000531-00055F               2F
        CONFIG           30000A-300011                8
        CONST            000004-000007                4
                         000106-0025FF             24FA
                         002706-002707                2
                         002916-002917                2
                         002C22-002C23                2
                         002C2E-01FFFF            1D3D2
        EEDATA           380000-3803FF              400
        IDLOC            200000-20003F               40
        MEDIUMCONST      002706-002707                2
                         002916-002917                2
                         002C22-002C23                2
                         002C2E-00FFFF             D3D2
                         012600-01FFFF             DA00
        RAM              000560-0024FF              100
        SFR              000000-0004FF              100
                         002500-0025FF              100
        SMALLCONST       002706-002707                2
                         002916-002917                2
                         002C22-002C23                2
                         002C2E-01FFFF              100

                                  Symbol Table

INT0_SetInterruptHandler@InterruptHandler                 cstackCOMRAM 00051F
INT1_SetInterruptHandler@InterruptHandler                 cstackCOMRAM 00051F
INT2_SetInterruptHandler@InterruptHandler                 cstackCOMRAM 00051F
INTERRUPT_Initialize@state                                cstackCOMRAM 000522
IVTBASEH                                                  (abs)        00045E
IVTBASEL                                                  (abs)        00045D
IVTBASEU                                                  (abs)        00045F
SPI1_ByteRead@returnValue                                 cstackCOMRAM 000519
SPI1_ByteWrite@byteData                                   cstackCOMRAM 00051C
SPI1_IsRxReady@returnValue                                cstackCOMRAM 000519
SPI1_Open@spiConfigIndex                                  cstackCOMRAM 000521
SPI1_RxCompleteCallbackRegister@rxCompleteCallbackHandler cstackCOMRAM 00051F
SPI1_TxCompleteCallbackRegister@txCompleteCallbackHandler cstackCOMRAM 00051F
_ACTCON                                                   (abs)        0000AC
_ANSELA                                                   (abs)        000400
_ANSELB                                                   (abs)        000408
_ANSELC                                                   (abs)        000410
_ANSELD                                                   (abs)        000418
_ANSELE                                                   (abs)        000420
_ANSELF                                                   (abs)        000428
_CLOCK_Initialize                                         text12       002BC2
_Default_ISR                                              text14       002C24
_GIE                                                      (abs)        0026B7
_INLVLA                                                   (abs)        000404
_INLVLB                                                   (abs)        00040C
_INLVLC                                                   (abs)        000414
_INLVLD                                                   (abs)        00041C
_INLVLE                                                   (abs)        000424
_INLVLF                                                   (abs)        00042C
_INT0_CallBack                                            text16       0029CE
_INT0_DefaultInterruptHandler                             text17       002C26
_INT0_ISR                                                 text15       002B64
_INT0_InterruptHandler                                    nvCOMRAM     000510
_INT0_SetInterruptHandler                                 text11       002C0E
_INT1_CallBack                                            text19       0029FE
_INT1_DefaultInterruptHandler                             text20       002C28
_INT1_ISR                                                 text18       002B7C
_INT1_InterruptHandler                                    nvCOMRAM     00050D
_INT1_SetInterruptHandler                                 text10       002C00
_INT2_CallBack                                            text22       002A2E
_INT2_DefaultInterruptHandler                             text23       002C2A
_INT2_ISR                                                 text21       002B94
_INT2_InterruptHandler                                    nvCOMRAM     00050A
_INT2_SetInterruptHandler                                 text9        002BF2
_INTCON0bits                                              (abs)        0004D6
_INTERRUPT_Initialize                                     text8        002834
_IOCAF                                                    (abs)        000407
_IOCAN                                                    (abs)        000406
_IOCAP                                                    (abs)        000405
_IOCBF                                                    (abs)        00040F
_IOCBN                                                    (abs)        00040E
_IOCBP                                                    (abs)        00040D
_IOCCF                                                    (abs)        000417
_IOCCN                                                    (abs)        000416
_IOCCP                                                    (abs)        000415
_IOCEF                                                    (abs)        000427
_IOCEN                                                    (abs)        000426
_IOCEP                                                    (abs)        000425
_IPR3bits                                                 (abs)        000365
_IVTBASEH                                                 (abs)        00045E
_IVTBASEL                                                 (abs)        00045D
_IVTBASEU                                                 (abs)        00045F
_IVTLOCK                                                  (abs)        000459
_IVTLOCKbits                                              (abs)        000459
_LATA                                                     (abs)        0004BE
_LATB                                                     (abs)        0004BF
_LATC                                                     (abs)        0004C0
_LATD                                                     (abs)        0004C1
_LATE                                                     (abs)        0004C2
_LATF                                                     (abs)        0004C3
_ODCONA                                                   (abs)        000402
_ODCONB                                                   (abs)        00040A
_ODCONC                                                   (abs)        000412
_ODCOND                                                   (abs)        00041A
_ODCONE                                                   (abs)        000422
_ODCONF                                                   (abs)        00042A
_OSCCON1                                                  (abs)        0000AD
_OSCCON3                                                  (abs)        0000AF
_OSCEN                                                    (abs)        0000B3
_OSCFRQ                                                   (abs)        0000B1
_OSCTUNE                                                  (abs)        0000B0
_PIE3bits                                                 (abs)        0004A1
_PIN_MANAGER_Initialize                                   text7        0027A2
_PIR10bits                                                (abs)        0004B8
_PIR1bits                                                 (abs)        0004AF
_PIR3bits                                                 (abs)        0004B1
_PIR6bits                                                 (abs)        0004B4
_PORTB                                                    (abs)        0004CF
_RB1I2C                                                   (abs)        000289
_RB2I2C                                                   (abs)        000288
_RC3I2C                                                   (abs)        000287
_RC3PPS                                                   (abs)        000214
_RC4I2C                                                   (abs)        000286
_SLRCONA                                                  (abs)        000403
_SLRCONB                                                  (abs)        00040B
_SLRCONC                                                  (abs)        000413
_SLRCOND                                                  (abs)        00041B
_SLRCONE                                                  (abs)        000423
_SLRCONF                                                  (abs)        00042B
_SPI1BAUD                                                 (abs)        000089
_SPI1CLK                                                  (abs)        00008C
_SPI1CON0                                                 (abs)        000084
_SPI1CON0bits                                             (abs)        000084
_SPI1CON1                                                 (abs)        000085
_SPI1CON2                                                 (abs)        000086
_SPI1RXB                                                  (abs)        000080
_SPI1SCKPPS                                               (abs)        00026A
_SPI1SDIPPS                                               (abs)        00026B
_SPI1STATUSbits                                           (abs)        000087
_SPI1TCNTH                                                (abs)        000083
_SPI1TCNTL                                                (abs)        000082
_SPI1TXB                                                  (abs)        000081
_SPI1_BufferExchange                                      (abs)        000000
_SPI1_BufferRead                                          (abs)        000000
_SPI1_BufferWrite                                         (abs)        000000
_SPI1_ByteExchange                                        (abs)        000000
_SPI1_ByteRead                                            text28       002ABA
_SPI1_ByteWrite                                           text32       002AE2
_SPI1_Close                                               (abs)        000000
_SPI1_Deinitialize                                        (abs)        000000
_SPI1_Host                                                smallconst   002601
_SPI1_ISR                                                 text29       002C2C
_SPI1_Initialize                                          text4        002964
_SPI1_IsRxReady                                           text27       002A8C
_SPI1_IsTxReady                                           (abs)        000000
_SPI1_Open                                                text13       002636
_SPI1_Receive_ISR                                         text24       0028B0
_SPI1_RxCompleteCallback                                  nvCOMRAM     000507
_SPI1_RxCompleteCallbackRegister                          text6        002BE4
_SPI1_Transmit_ISR                                        text25       002708
_SPI1_TxCompleteCallback                                  nvCOMRAM     000504
_SPI1_TxCompleteCallbackRegister                          text5        002BD6
_SPI_TransmitCompleteHandler                              text26       002B48
_SYSTEM_Initialize                                        text2        002BAC
_T0CON0                                                   (abs)        00031A
_T0CON0bits                                               (abs)        00031A
_T0CON1                                                   (abs)        00031B
_TMR0H                                                    (abs)        000319
_TMR0L                                                    (abs)        000318
_TMR0_DefaultCallback                                     text31       002B2A
_TMR0_ISR                                                 text30       002918
_TMR0_Initialize                                          text3        00299E
_TMR0_OverflowCallback                                    nvCOMRAM     000501
_TMR0_Start                                               text1        002C1C
_TRISA                                                    (abs)        0004C6
_TRISB                                                    (abs)        0004C7
_TRISC                                                    (abs)        0004C8
_TRISCbits                                                (abs)        0004C8
_TRISD                                                    (abs)        0004C9
_TRISE                                                    (abs)        0004CA
_TRISF                                                    (abs)        0004CB
_WPUA                                                     (abs)        000401
_WPUB                                                     (abs)        000409
_WPUC                                                     (abs)        000411
_WPUD                                                     (abs)        000419
_WPUE                                                     (abs)        000421
_WPUF                                                     (abs)        000429
__HRAM                                                    (abs)        000000
__H__absolute__                                           __absolute__ 000000
__Habs1                                                   abs1         000000
__Hbank10                                                 bank10       000000
__Hbank11                                                 bank11       000000
__Hbank12                                                 bank12       000000
__Hbank13                                                 bank13       000000
__Hbank14                                                 bank14       000000
__Hbank15                                                 bank15       000000
__Hbank16                                                 bank16       000000
__Hbank17                                                 bank17       000000
__Hbank18                                                 bank18       000000
__Hbank19                                                 bank19       000000
__Hbank20                                                 bank20       000000
__Hbank21                                                 bank21       000000
__Hbank22                                                 bank22       000000
__Hbank23                                                 bank23       000000
__Hbank24                                                 bank24       000000
__Hbank25                                                 bank25       000000
__Hbank26                                                 bank26       000000
__Hbank27                                                 bank27       000000
__Hbank28                                                 bank28       000000
__Hbank29                                                 bank29       000000
__Hbank30                                                 bank30       000000
__Hbank31                                                 bank31       000000
__Hbank32                                                 bank32       000000
__Hbank33                                                 bank33       000000
__Hbank34                                                 bank34       000000
__Hbank35                                                 bank35       000000
__Hbank36                                                 bank36       000000
__Hbank5                                                  bank5        000000
__Hbank6                                                  bank6        000000
__Hbank7                                                  bank7        000000
__Hbank8                                                  bank8        000000
__Hbank9                                                  bank9        000000
__Hbigbss                                                 bigbss       000000
__Hbigdata                                                bigdata      000000
__Hbigram                                                 bigram       000000
__Hbigsfr                                                 bigsfr       000000
__Hbss                                                    bss          000000
__HbssCOMRAM                                              bssCOMRAM    000000
__Hcinit                                                  cinit        000000
__Hclrtext                                                clrtext      000000
__Hcomram                                                 comram       000000
__Hconfig                                                 config       30000A
__Hconst                                                  const        000000
__HcstackCOMRAM                                           cstackCOMRAM 000000
__Hdata                                                   data         000000
__Heeprom_data                                            eeprom_data  000000
__Hfarbss                                                 farbss       000000
__Hfardata                                                fardata      000000
__Hheap                                                   heap         000000
__Hibigdata                                               ibigdata     000000
__Hidata                                                  idata        000000
__Hidloc                                                  idloc        000000
__Hifardata                                               ifardata     000000
__Hinit                                                   init         000106
__Hintsave_regs                                           intsave_regs 000000
__Hirdata                                                 irdata       000000
__Hivt0x8                                                 ivt0x8       000102
__Hmediumconst                                            mediumconst  000000
__HnvCOMRAM                                               nvCOMRAM     000000
__HnvFARRAM                                               nvFARRAM     000000
__Hnvbit                                                  nvbit        000000
__Hnvrram                                                 nvrram       000000
__Hparam                                                  rparam       000000
__Hpowerup                                                powerup      000000
__Hram                                                    ram          000000
__Hramtop                                                 ramtop       002600
__Hrbit                                                   rbit         000000
__Hrbss                                                   rbss         000000
__Hrdata                                                  rdata        000000
__Hreset_vec                                              reset_vec    000004
__Hrparam                                                 rparam       000000
__Hsfr                                                    sfr          000000
__Hsmallconst                                             smallconst   002636
__Hspace_0                                                (abs)        002C2E
__Hspace_1                                                (abs)        000531
__Hspace_2                                                (abs)        000000
__Hspace_4                                                (abs)        60000A
__Hstack                                                  stack        000000
__Hstruct                                                 struct       000000
__Htemp                                                   temp         000000
__Htext                                                   text         000000
__Htext0                                                  text0        000000
__Htext1                                                  text1        000000
__Htext10                                                 text10       000000
__Htext11                                                 text11       000000
__Htext12                                                 text12       000000
__Htext13                                                 text13       000000
__Htext14                                                 text14       000000
__Htext15                                                 text15       000000
__Htext16                                                 text16       000000
__Htext17                                                 text17       000000
__Htext18                                                 text18       000000
__Htext19                                                 text19       000000
__Htext2                                                  text2        000000
__Htext20                                                 text20       000000
__Htext21                                                 text21       000000
__Htext22                                                 text22       000000
__Htext23                                                 text23       000000
__Htext24                                                 text24       000000
__Htext25                                                 text25       000000
__Htext26                                                 text26       000000
__Htext27                                                 text27       000000
__Htext28                                                 text28       000000
__Htext29                                                 text29       000000
__Htext3                                                  text3        000000
__Htext30                                                 text30       000000
__Htext31                                                 text31       000000
__Htext32                                                 text32       000000
__Htext4                                                  text4        000000
__Htext5                                                  text5        000000
__Htext6                                                  text6        000000
__Htext7                                                  text7        000000
__Htext8                                                  text8        000000
__Htext9                                                  text9        000000
__LRAM                                                    (abs)        000001
__L__absolute__                                           __absolute__ 000000
__Labs1                                                   abs1         000000
__Lbank10                                                 bank10       000000
__Lbank11                                                 bank11       000000
__Lbank12                                                 bank12       000000
__Lbank13                                                 bank13       000000
__Lbank14                                                 bank14       000000
__Lbank15                                                 bank15       000000
__Lbank16                                                 bank16       000000
__Lbank17                                                 bank17       000000
__Lbank18                                                 bank18       000000
__Lbank19                                                 bank19       000000
__Lbank20                                                 bank20       000000
__Lbank21                                                 bank21       000000
__Lbank22                                                 bank22       000000
__Lbank23                                                 bank23       000000
__Lbank24                                                 bank24       000000
__Lbank25                                                 bank25       000000
__Lbank26                                                 bank26       000000
__Lbank27                                                 bank27       000000
__Lbank28                                                 bank28       000000
__Lbank29                                                 bank29       000000
__Lbank30                                                 bank30       000000
__Lbank31                                                 bank31       000000
__Lbank32                                                 bank32       000000
__Lbank33                                                 bank33       000000
__Lbank34                                                 bank34       000000
__Lbank35                                                 bank35       000000
__Lbank36                                                 bank36       000000
__Lbank5                                                  bank5        000000
__Lbank6                                                  bank6        000000
__Lbank7                                                  bank7        000000
__Lbank8                                                  bank8        000000
__Lbank9                                                  bank9        000000
__Lbigbss                                                 bigbss       000000
__Lbigdata                                                bigdata      000000
__Lbigram                                                 bigram       000000
__Lbigsfr                                                 bigsfr       000000
__Lbss                                                    bss          000000
__LbssCOMRAM                                              bssCOMRAM    000000
__Lcinit                                                  cinit        000000
__Lclrtext                                                clrtext      000000
__Lcomram                                                 comram       000000
__Lconfig                                                 config       000000
__Lconst                                                  const        000000
__LcstackCOMRAM                                           cstackCOMRAM 000000
__Ldata                                                   data         000000
__Leeprom_data                                            eeprom_data  000000
__Lfarbss                                                 farbss       000000
__Lfardata                                                fardata      000000
__Lheap                                                   heap         000000
__Libigdata                                               ibigdata     000000
__Lidata                                                  idata        000000
__Lidloc                                                  idloc        000000
__Lifardata                                               ifardata     000000
__Linit                                                   init         000102
__Lintsave_regs                                           intsave_regs 000000
__Lirdata                                                 irdata       000000
__Livt0x8                                                 ivt0x8       000008
__Lmediumconst                                            mediumconst  000000
__LnvCOMRAM                                               nvCOMRAM     000000
__LnvFARRAM                                               nvFARRAM     000000
__Lnvbit                                                  nvbit        000000
__Lnvrram                                                 nvrram       000000
__Lparam                                                  rparam       000000
__Lpowerup                                                powerup      000000
__Lram                                                    ram          000000
__Lramtop                                                 ramtop       002600
__Lrbit                                                   rbit         000000
__Lrbss                                                   rbss         000000
__Lrdata                                                  rdata        000000
__Lreset_vec                                              reset_vec    000000
__Lrparam                                                 rparam       000000
__Lsfr                                                    sfr          000000
__Lsmallconst                                             smallconst   002600
__Lspace_0                                                (abs)        000000
__Lspace_1                                                (abs)        000000
__Lspace_2                                                (abs)        000000
__Lspace_4                                                (abs)        000000
__Lstack                                                  stack        000000
__Lstruct                                                 struct       000000
__Ltemp                                                   temp         000000
__Ltext                                                   text         000000
__Ltext0                                                  text0        000000
__Ltext1                                                  text1        000000
__Ltext10                                                 text10       000000
__Ltext11                                                 text11       000000
__Ltext12                                                 text12       000000
__Ltext13                                                 text13       000000
__Ltext14                                                 text14       000000
__Ltext15                                                 text15       000000
__Ltext16                                                 text16       000000
__Ltext17                                                 text17       000000
__Ltext18                                                 text18       000000
__Ltext19                                                 text19       000000
__Ltext2                                                  text2        000000
__Ltext20                                                 text20       000000
__Ltext21                                                 text21       000000
__Ltext22                                                 text22       000000
__Ltext23                                                 text23       000000
__Ltext24                                                 text24       000000
__Ltext25                                                 text25       000000
__Ltext26                                                 text26       000000
__Ltext27                                                 text27       000000
__Ltext28                                                 text28       000000
__Ltext29                                                 text29       000000
__Ltext3                                                  text3        000000
__Ltext30                                                 text30       000000
__Ltext31                                                 text31       000000
__Ltext32                                                 text32       000000
__Ltext4                                                  text4        000000
__Ltext5                                                  text5        000000
__Ltext6                                                  text6        000000
__Ltext7                                                  text7        000000
__Ltext8                                                  text8        000000
__Ltext9                                                  text9        000000
__S0                                                      (abs)        002C2E
__S1                                                      (abs)        000531
__S4                                                      (abs)        000000
__S5                                                      (abs)        000000
___heap_hi                                                (abs)        000000
___heap_lo                                                (abs)        000000
___inthi_sp                                               stack        000000
___inthi_stack_hi                                         stack        000000
___inthi_stack_lo                                         stack        000000
___intlo_sp                                               stack        000000
___intlo_stack_hi                                         stack        000000
___intlo_stack_lo                                         stack        000000
___param_bank                                             (abs)        000000
___rparam_used                                            (abs)        000001
___sp                                                     stack        000000
___stack_hi                                               stack        000000
___stack_lo                                               stack        000000
__accesstop                                               (abs)        000560
__activetblptr                                            (abs)        000003
__end_of_CLOCK_Initialize                                 text12       002BD6
__end_of_Default_ISR                                      text14       002C26
__end_of_INT0_CallBack                                    text16       0029FE
__end_of_INT0_DefaultInterruptHandler                     text17       002C28
__end_of_INT0_ISR                                         text15       002B7C
__end_of_INT0_SetInterruptHandler                         text11       002C1C
__end_of_INT1_CallBack                                    text19       002A2E
__end_of_INT1_DefaultInterruptHandler                     text20       002C2A
__end_of_INT1_ISR                                         text18       002B94
__end_of_INT1_SetInterruptHandler                         text10       002C0E
__end_of_INT2_CallBack                                    text22       002A5E
__end_of_INT2_DefaultInterruptHandler                     text23       002C2C
__end_of_INT2_ISR                                         text21       002BAC
__end_of_INT2_SetInterruptHandler                         text9        002C00
__end_of_INTERRUPT_Initialize                             text8        0028B0
__end_of_PIN_MANAGER_Initialize                           text7        002834
__end_of_SPI1_ByteRead                                    text28       002AE2
__end_of_SPI1_ByteWrite                                   text32       002B0A
__end_of_SPI1_Host                                        smallconst   00262B
__end_of_SPI1_ISR                                         text29       002C2E
__end_of_SPI1_Initialize                                  text4        00299E
__end_of_SPI1_IsRxReady                                   text27       002ABA
__end_of_SPI1_Open                                        text13       002706
__end_of_SPI1_Receive_ISR                                 text24       002916
__end_of_SPI1_RxCompleteCallbackRegister                  text6        002BF2
__end_of_SPI1_Transmit_ISR                                text25       0027A2
__end_of_SPI1_TxCompleteCallbackRegister                  text5        002BE4
__end_of_SPI_TransmitCompleteHandler                      text26       002B64
__end_of_SYSTEM_Initialize                                text2        002BC2
__end_of_TMR0_DefaultCallback                             text31       002B48
__end_of_TMR0_ISR                                         text30       002964
__end_of_TMR0_Initialize                                  text3        0029CE
__end_of_TMR0_Start                                       text1        002C22
__end_of__initialization                                  cinit        002B24
__end_of_main                                             text0        002A8C
__end_of_spi1_configuration                               smallconst   002635
__initialization                                          cinit        002B0A
__mediumconst                                             mediumconst  000000
__pbssCOMRAM                                              bssCOMRAM    000523
__pcinit                                                  cinit        002B0A
__pcstackCOMRAM                                           cstackCOMRAM 000513
__pivt0x8                                                 ivt0x8       000008
__pnvCOMRAM                                               nvCOMRAM     000501
__psmallconst                                             smallconst   002600
__ptext0                                                  text0        002A5E
__ptext1                                                  text1        002C1C
__ptext10                                                 text10       002C00
__ptext11                                                 text11       002C0E
__ptext12                                                 text12       002BC2
__ptext13                                                 text13       002636
__ptext14                                                 text14       002C24
__ptext15                                                 text15       002B64
__ptext16                                                 text16       0029CE
__ptext17                                                 text17       002C26
__ptext18                                                 text18       002B7C
__ptext19                                                 text19       0029FE
__ptext2                                                  text2        002BAC
__ptext20                                                 text20       002C28
__ptext21                                                 text21       002B94
__ptext22                                                 text22       002A2E
__ptext23                                                 text23       002C2A
__ptext24                                                 text24       0028B0
__ptext25                                                 text25       002708
__ptext26                                                 text26       002B48
__ptext27                                                 text27       002A8C
__ptext28                                                 text28       002ABA
__ptext29                                                 text29       002C2C
__ptext3                                                  text3        00299E
__ptext30                                                 text30       002918
__ptext31                                                 text31       002B2A
__ptext32                                                 text32       002AE2
__ptext4                                                  text4        002964
__ptext5                                                  text5        002BD6
__ptext6                                                  text6        002BE4
__ptext7                                                  text7        0027A2
__ptext8                                                  text8        002834
__ptext9                                                  text9        002BF2
__ramtop                                                  ramtop       002600
__smallconst                                              smallconst   002600
_counter                                                  bssCOMRAM    000530
_main                                                     text0        002A5E
_ready                                                    bssCOMRAM    00052F
_spi1_configuration                                       smallconst   00262B
_spi1_descriptor                                          bssCOMRAM    000523
_test                                                     bssCOMRAM    00052E
_tmr0PeriodCount                                          bssCOMRAM    00052C
end_of_initialization                                     cinit        002B24
intlevel0                                                 text         000000
intlevel1                                                 text         000000
intlevel2                                                 text         000000
intlevel3                                                 text         000000
isa$std                                                   (abs)        000001
isa$xinst                                                 (abs)        000000
ivt0x8_base                                               ivt0x8       000008
ivt0x8_undefint                                           ivt0x8       000100
stackhi                                                   (abs)        000000
stacklo                                                   (abs)        000000
start                                                     init         000102
start_initialization                                      cinit        002B0A


MODULE INFORMATION

Module		Function		Class		Link	Load	Size
mcc_generated_files/system/src/interrupt.c
		_INT0_SetInterruptHandler		CODE           	2C0E	0000	14
		_INT1_SetInterruptHandler		CODE           	2C00	0000	14
		_INT2_SetInterruptHandler		CODE           	2BF2	0000	14
		_INTERRUPT_Initialize		CODE           	2834	0000	124
		_INT0_DefaultInterruptHandler		CODE           	2C26	0000	2
		_INT0_CallBack 		CODE           	29CE	0000	48
		_INT1_DefaultInterruptHandler		CODE           	2C28	0000	2
		_INT1_CallBack 		CODE           	29FE	0000	48
		_INT2_DefaultInterruptHandler		CODE           	2C2A	0000	2
		_INT2_CallBack 		CODE           	2A2E	0000	48
		_Default_ISR   		CODE           	2C24	0000	2
		_INT0_ISR      		CODE           	2B64	0000	24
		_INT1_ISR      		CODE           	2B7C	0000	24
		_INT2_ISR      		CODE           	2B94	0000	24

mcc_generated_files/system/src/interrupt.c estimated size: 390

mcc_generated_files/system/src/pins.c
		_PIN_MANAGER_Initialize		CODE           	27A2	0000	146

mcc_generated_files/system/src/pins.c estimated size: 146

shared
		__initialization		CODE           	2B0A	0000	26
		_SPI1_Host     		SMALLCONST     	2601	0000	42
		_spi1_configuration		SMALLCONST     	262B	0000	10

shared estimated size: 78

mcc_generated_files/system/src/clock.c
		_CLOCK_Initialize		CODE           	2BC2	0000	20

mcc_generated_files/system/src/clock.c estimated size: 20

mcc_generated_files/timer/src/tmr0.c
		_TMR0_DefaultCallback		CODE           	2B2A	0000	30
		_TMR0_ISR      		CODE           	2918	0000	76
		_TMR0_Initialize		CODE           	299E	0000	48
		_TMR0_Start    		CODE           	2C1C	0000	6

mcc_generated_files/timer/src/tmr0.c estimated size: 160

main.c
		_SPI_TransmitCompleteHandler		CODE           	2B48	0000	28
		_main          		CODE           	2A5E	0000	46

main.c estimated size: 74

mcc_generated_files/system/src/system.c
		_SYSTEM_Initialize		CODE           	2BAC	0000	22

mcc_generated_files/system/src/system.c estimated size: 22

mcc_generated_files/spi/src/spi1.c
		_SPI1_TxCompleteCallbackRegister		CODE           	2BD6	0000	14
		_SPI1_RxCompleteCallbackRegister		CODE           	2BE4	0000	14
		_SPI1_ByteRead 		CODE           	2ABA	0000	40
		_SPI1_Transmit_ISR		CODE           	2708	0000	154
		_SPI1_ISR      		CODE           	2C2C	0000	2
		_SPI1_ByteWrite		CODE           	2AE2	0000	40
		_SPI1_Open     		CODE           	2636	0000	208
		_SPI1_Initialize		CODE           	2964	0000	58
		_SPI1_IsRxReady		CODE           	2A8C	0000	46
		_SPI1_Receive_ISR		CODE           	28B0	0000	102

mcc_generated_files/spi/src/spi1.c estimated size: 678

